// Jest Snapshot v1, https://goo.gl/fbAQLP

exports[`Review Component Check Ui is loaded or not 1`] = `ShallowWrapper {}`;
